record=paired direct environment observations and exact absence checks

[pre-test-ordinary-boundary]
ordinary_project_label=docmost
ordinary_containers.count=3
ordinary_inventory_sha256=17c351c06381f653bd2332f1db47eaeefdf7c480819510ff394c924689408c80
ordinary_started_sha256=7702be144f44fbcc5e040570cf2906f619e97e281382c9001b31e5434be6e007
serve_config_sha256=45a54a9f3b304d934f54bb66853ebcebae88337677d65b6dfadc073c7aa11401
ordinary_listener_3001=present
disposable_listener_3301=absent
card_compose_containers.count=0
card_compose_volumes.count=0
card_remote_root=absent

[during-disposable-boundary]
card_compose_project=docmost-v094-r2
card_compose_containers.count=3
card_compose_volumes.count=3
card_compose_networks.count=1
card_compose_images=docmost/docmost:0.95.0,postgres:16-alpine,redis:7.2-alpine
ordinary_project_containers.count=3
ordinary_listener_3001=present
disposable_listener_3301=present

[direct-compose-removal]
docmost_container=stopped,removed
postgres_container=stopped,removed
redis_container=stopped,removed
docmost_volume=removed
postgres_volume=removed
redis_volume=removed
project_network=removed

[post-test-exact-absence-enumeration]
card_compose_containers.count=0
card_compose_volumes.count=0
card_compose_networks.count=0
card_remote_source_exports.count=0
card_remote_build_targets.count=0
card_remote_repro_targets.count=0
card_remote_cargo_homes.count=0
card_remote_candidate_binaries.count=0
card_remote_generated_credentials.count=0
card_remote_session_homes.count=0
card_remote_harnesses.count=0
card_remote_atlas_hostile_servers.count=0
card_remote_atlas_registrations.count=0
card_remote_cargo_deny_binaries.count=0
card_remote_root.count=0
card_build_test_containers.count=0
card_downloaded_full_rust_image.count=0
card_local_run_state_directories.count=0
card_local_atlas_exports.count=0
card_local_atlas_databases.count=0
card_local_build_targets.count=0
card_local_cargo_homes.count=0
card_local_harness_files.count=0
card_local_known_hosts_files.count=0

[post-test-ordinary-boundary]
ordinary_project_label=docmost
ordinary_containers.count=3
ordinary_inventory_sha256=17c351c06381f653bd2332f1db47eaeefdf7c480819510ff394c924689408c80
ordinary_started_sha256=7702be144f44fbcc5e040570cf2906f619e97e281382c9001b31e5434be6e007
serve_config_sha256=45a54a9f3b304d934f54bb66853ebcebae88337677d65b6dfadc073c7aa11401
ordinary_listener_3001=present
disposable_listener_3301=absent

[paired-comparison]
ordinary_container_count_equal=true
ordinary_inventory_sha256_equal=true
ordinary_started_sha256_equal=true
serve_config_sha256_equal=true
ordinary_listener_3001_preserved=true
disposable_listener_3301_removed=true
ordinary_endpoint_requests=0
ordinary_content_reads=0
ordinary_content_writes=0
