record=exact candidate provenance and reproducibility
source_commit=eed531af611739141986dbb62907db8416bce5d6
source_tree=a2172f86dfa44b717d6291eea97554c54dc7ef65
compiled_input_base_commit=82c9c36642bb822ceda6bc9cab70c6997ca5a3c0
compiled_input_base_tree=160abe18ca67877d3d3886c4e828b7aa6055f5b2
compiled_input_diff_Cargo.toml_Cargo.lock_src=empty
source_to_integration_non_verification_diff=empty
integration_commit=b7a44ea6f9150bf8abd491af3e781ba79c0c08ee
integration_tree=2b4d06c6b1eeb2c6bcb4202581ac200556747288
cargo_lock_sha256=1f985207a91681d799285d4ae580fbbbd9be8a56a6ba6070de85b5331f174a7d
rust_image=rust:1.98.0-slim-bookworm@sha256:1469a27c125cb5a3aebfa4f4e4665d935b02fb72cc093b2c974b3d740e43f157
rustc=1.98.0
cargo=1.98.0
runner=Linux x86_64
build_command=cargo build --locked --release --no-default-features
build_a_sha256=c2780277b10d5ee360f58f1c51b1386517ae178c35a2350f239008ee111d17d0
build_b_sha256=c2780277b10d5ee360f58f1c51b1386517ae178c35a2350f239008ee111d17d0
reproducible=true
tested_binary_sha256=c2780277b10d5ee360f58f1c51b1386517ae178c35a2350f239008ee111d17d0
inherited_linux_arm64_compiled_input_sha256=ede19f8b354635abaa8f267b6bfa5d028a09c6cb76fbba14fc1119e197c413ff
current_atlas_commit=83ccb1e453f0db80d3bfa98309a611f08e38d361
current_atlas_tree=392aff328244539d7bf5e6af8a7d5d1d4896fe95
authorization_runtime_commit=efad3719b67fc9949be3809a7d07b297a64de10d
authorization_runtime_tree=58d8b8c5d330c905ef70b5be33b06883c0a57ae6
docmost_image=docmost/docmost:0.95.0@sha256:41c8d777cf23c74e78f94e676aec328b7d7856f48df5e573543dac68d371e37c
postgres_image=postgres:16-alpine@sha256:cf78e76683b9ca8c5733cbbdce6c9262b45b6767934dd0a95e671f9a0fc20685
redis_image=redis:7.2-alpine@sha256:ccd6aa8d45ff3f033d6fa15b8cc1a50579f65c89f38cf9bb607a954c4f2128ed
