record=sanitized direct exact-candidate observations captured before teardown

[default-inventory]
protocol_version=2025-03-26
tool_count=10
tools=get_comments,get_current_user,get_page,get_space,list_child_pages,list_pages,list_spaces,list_workspace_members,search_docs,search_pages
read_only_annotations=10
write_tools=0
default_unavailable_write_probes=copy_page_to_space,create_comment,create_page,create_space,delete_comment,delete_page,delete_space,duplicate_page,move_page,move_page_to_space,update_comment,update_page,update_space
default_unavailable_write_count=13

[exact-write-inventory]
accepted_write_count=13
accepted_writes=copy_page_to_space,create_comment,create_page,create_space,delete_comment,delete_page,delete_space,duplicate_page,move_page,move_page_to_space,update_comment,update_page,update_space
legacy_live_allowlist=create_comment,create_page,move_page,update_comment,update_page
legacy_live_allowlist_count=5
unallowlisted_write_count=8
delete_annotations=readOnlyHint:false destructiveHint:true idempotentHint:false

[docmost-v0.95.0-legacy-matrix]
server_package_version=0.95.0
initial_read_calls=7
synthetic_legacy_write_calls=6
create_page_calls=2
update_page_calls=1
move_page_calls=1
create_comment_calls=1
update_comment_calls=1
fresh_default_read_calls=3
fresh_get_page_updated_title_and_body=true
fresh_list_child_pages_count=1
fresh_get_comments_count=1
disposable_database_legacy_pages=2
disposable_database_legacy_comments=1

[identity-lifecycle]
forced_expiry=2000-01-01T00:00:00.000Z
expired_session_silent_reuse=false
fresh_session_only_login=true
post_relogin_read=true
state_directory_mode=0700
state_file_modes=0600
credential_files=0
origin_scoped_forget=pass
state_entries_after_forget=0

[delete-live-effects]
delete_page_outcome=moved_to_trash
delete_page_automatic_retry=false
delete_page_independent_trashed_pages=2
delete_comment_outcome=permanently_deleted
delete_comment_automatic_retry=false
delete_comment_independent_absent_parent_and_reply=2
delete_space_outcome=permanently_deleted
delete_space_automatic_retry=false
delete_space_independent_absent_space_page_comment=3
delete_fixture_spaces_after_cleanup=0

[hostile-network-matrix]
redirect_status=302
redirect_target_hits=0
timeout_seconds=30.0
timeout_safe_class=Failed to call API endpoint
declared_oversize_limit_bytes=8388608
declared_oversize_rejected=true
chunked_oversize_limit_bytes=8388608
chunked_oversize_rejected=true
oversized_input_bytes=4097
oversized_input_network_hits=0
permission_denied_status=403
permission_body_omitted_bytes=718
server_error_status=500
server_error_body_omitted_bytes=718
candidate_process_reusable_after_each_failure=true
credential_content_origin_url_canary_leaks=0

[atlas-default-readback]
atlas_add_status=201
atlas_protocol=2025-03-26
atlas_default_tools=10
atlas_default_write_tools=0
atlas_all_tools_read_only=true
atlas_persisted_readback=true
atlas_delete_status=204
atlas_registrations_after_delete=0

[atlas-destructive-modal]
modes=Normal,YOLO
delete_tools=delete_page,delete_space,delete_comment
modal_behavior_cases=42
per_tool_per_mode_negative_cases=deny,dismiss,expiry,session_mismatch,target_mismatch,turn_interruption
negative_targets_independently_preserved=true
negative_dispatches=0
per_tool_per_mode_concurrent_approve_once=true
approved_disposable_dispatches=6
competing_exact_calls_already_consumed=6
replay_http_status=409
replay_dispatches=0
independently_observed_approved_effects=6
temporary_registrations_after_each_mode=0
unauthorized_dispatches=0

[disposable-database-after-modal-cleanup]
modal_spaces=0
delete_live_spaces=0
legacy_pages=2
legacy_comments=1

[ordinary-service-invariance]
ordinary_inventory_sha256_before=8bc899b778e7ebdfcffa1a431cfe20f90e652a1cb463b0e6ab43b78ee2f7c574
ordinary_inventory_sha256_after=8bc899b778e7ebdfcffa1a431cfe20f90e652a1cb463b0e6ab43b78ee2f7c574
ordinary_started_sha256_before=e48014aa6ef80e1e23e78def2ef7e3bcee06a1e291e4588a10e560a105812c70
ordinary_started_sha256_after=e48014aa6ef80e1e23e78def2ef7e3bcee06a1e291e4588a10e560a105812c70
serve_config_sha256_before=45a54a9f3b304d934f54bb66853ebcebae88337677d65b6dfadc073c7aa11401
serve_config_sha256_after=45a54a9f3b304d934f54bb66853ebcebae88337677d65b6dfadc073c7aa11401
ordinary_listener_3001=present
disposable_listener_3301=absent
ordinary_endpoint_requests=0
ordinary_content_reads=0
ordinary_content_writes=0
